   Compiling taikyoku_shogi v0.1.0 (/tmp/taikyoku-search-light)
warning: unused import: `crate::path_utils`
 --> src/movement/generator.rs:6:5
  |
6 | use crate::path_utils;
  |     ^^^^^^^^^^^^^^^^^
  |
  = note: `#[warn(unused_imports)]` (part of `#[warn(unused)]`) on by default

warning: unused imports: `MovementConfig` and `MovementGenerator`
 --> src/parity.rs:6:23
  |
6 | use crate::movement::{MovementConfig, MovementGenerator};
  |                       ^^^^^^^^^^^^^^  ^^^^^^^^^^^^^^^^^

warning: unused import: `crate::piece::Color`
 --> src/parity.rs:7:5
  |
7 | use crate::piece::Color;
  |     ^^^^^^^^^^^^^^^^^^^

warning: unused import: `generate_captures_hitting_square`
 --> src/parity.rs:9:42
  |
9 | use crate::search::{capture_hits_square, generate_captures_hitting_square};
  |                                          ^^^^^^^^^^^^^^^^^^^^^^^^^^^^^^^^

warning: unused import: `crate::board::Board`
 --> src/path_utils.rs:1:5
  |
1 | use crate::board::Board;
  |     ^^^^^^^^^^^^^^^^^^^

warning: unused import: `crate::board::Board`
 --> src/tengu_attack.rs:1:5
  |
1 | use crate::board::Board;
  |     ^^^^^^^^^^^^^^^^^^^

warning: unused import: `std::collections::HashMap`
  --> src/training/mobility_seed.rs:13:5
   |
13 | use std::collections::HashMap;
   |     ^^^^^^^^^^^^^^^^^^^^^^^^^

warning: unused import: `HashSet`
  --> src/training/q_rs_grid.rs:22:33
   |
22 | use std::collections::{HashMap, HashSet};
   |                                 ^^^^^^^

warning: unused import: `Color`
 --> src/training/texel.rs:6:20
  |
6 | use crate::piece::{Color, PieceType};
  |                    ^^^^^

warning: unused import: `HashSet`
  --> src/training/top11_c2_grid.rs:22:33
   |
22 | use std::collections::{HashMap, HashSet};
   |                                 ^^^^^^^

warning: unused variable: `distance`
    --> src/game_state.rs:1741:17
     |
1741 |             for distance in 1..=4 {
     |                 ^^^^^^^^ help: if this is intentional, prefix it with an underscore: `_distance`
     |
     = note: `#[warn(unused_variables)]` (part of `#[warn(unused)]`) on by default

warning: unused variable: `distance`
    --> src/game_state.rs:1775:17
     |
1775 |             for distance in 1..=3 {
     |                 ^^^^^^^^ help: if this is intentional, prefix it with an underscore: `_distance`

warning: unused variable: `required_jump_positions`
   --> src/movement/generator.rs:633:9
    |
633 |         required_jump_positions: u8,
    |         ^^^^^^^^^^^^^^^^^^^^^^^ help: if this is intentional, prefix it with an underscore: `_required_jump_positions`

warning: unused variable: `empty_after_jump`
   --> src/movement/generator.rs:634:9
    |
634 |         empty_after_jump: u8,
    |         ^^^^^^^^^^^^^^^^ help: if this is intentional, prefix it with an underscore: `_empty_after_jump`

warning: unused variable: `distance`
   --> src/movement/generator.rs:759:17
    |
759 |             for distance in 1..=max_distance_forward_diagonal {
    |                 ^^^^^^^^ help: if this is intentional, prefix it with an underscore: `_distance`

warning: unused variable: `distance`
   --> src/movement/generator.rs:787:17
    |
787 |             for distance in 1..=max_distance_other {
    |                 ^^^^^^^^ help: if this is intentional, prefix it with an underscore: `_distance`

warning: value assigned to `alpha` is never read
    --> src/search.rs:3260:13
     |
3260 |             alpha = a2;
     |             ^^^^^^^^^^
     |
     = help: maybe it is overwritten before being read?
     = note: `#[warn(unused_assignments)]` (part of `#[warn(unused)]`) on by default

warning: value assigned to `disagree` is never read
   --> src/training/eval_trace.rs:392:24
    |
392 |     let mut disagree = 0.0f32;
    |                        ^^^^^^
    |
    = help: maybe it is overwritten before being read?

warning: associated functions `should_check_piece_for_attack`, `is_under_attack_on_board`, `is_position_under_attack_on_board`, and `apply_move_to_board` are never used
   --> src/minimal_intelligence_player.rs:174:8
    |
 13 | impl MinimalIntelligencePlayer {
    | ------------------------------ associated functions in this implementation
...
174 |     fn should_check_piece_for_attack(piece: &Piece, royal_pieces: &[Piece]) -> bool {
    |        ^^^^^^^^^^^^^^^^^^^^^^^^^^^^^
...
349 |     fn is_under_attack_on_board(board: &Board, position: Position, defender_color: Color) -> bool {
    |        ^^^^^^^^^^^^^^^^^^^^^^^^
...
356 |     fn is_position_under_attack_on_board(board: &Board, position: Position, defender_color: Color) -> bool {
    |        ^^^^^^^^^^^^^^^^^^^^^^^^^^^^^^^^^
...
363 |     fn apply_move_to_board(board: &mut Board, mv: &Move, moving_piece: &Piece) {
    |        ^^^^^^^^^^^^^^^^^^^
    |
    = note: `#[warn(dead_code)]` (part of `#[warn(unused)]`) on by default

warning: function `move_key` is never used
  --> src/parity.rs:13:4
   |
13 | fn move_key(mv: &Move) -> String {
   |    ^^^^^^^^

warning: function `move_set` is never used
  --> src/parity.rs:38:4
   |
38 | fn move_set(moves: &[Move]) -> BTreeSet<String> {
   |    ^^^^^^^^

warning: function `assert_same_moves` is never used
  --> src/parity.rs:51:4
   |
51 | fn assert_same_moves(label: &str, a: &[Move], b: &[Move]) {
   |    ^^^^^^^^^^^^^^^^^

warning: function `calculate_direction_steps` is never used
 --> src/path_utils.rs:7:4
  |
7 | fn calculate_direction_steps(from: Position, to: Position) -> Option<(i8, i8)> {
  |    ^^^^^^^^^^^^^^^^^^^^^^^^^

warning: associated constant `OFF` is never used
    --> src/search.rs:1363:11
     |
1362 | impl QHangOpts {
     | -------------- associated constant in this implementation
1363 |     const OFF: Self = Self {
     |           ^^^

warning: function `generate_quiescence_captures` is never used
    --> src/search.rs:1568:4
     |
1568 | fn generate_quiescence_captures(
     |    ^^^^^^^^^^^^^^^^^^^^^^^^^^^^

warning: function `is_large_hang_simple_take` is never used
    --> src/search.rs:1787:15
     |
1787 | pub(crate) fn is_large_hang_simple_take(
     |               ^^^^^^^^^^^^^^^^^^^^^^^^^

warning: function `stm_has_large_hang_simple_take` is never used
    --> src/search.rs:1812:15
     |
1812 | pub(crate) fn stm_has_large_hang_simple_take(state: &GameState, weights: &EvalWeights) -> bool {
     |               ^^^^^^^^^^^^^^^^^^^^^^^^^^^^^^

warning: `taikyoku_shogi` (lib) generated 27 warnings (run `cargo fix --lib -p taikyoku_shogi` to apply 16 suggestions)
    Finished `release` profile [optimized] target(s) in 5m 10s
